parsed:
(Ok [(S_fn ("f", ["x"; "y"],
        { bl_items = [(S_eval (E_app ("f", [(E_var "x"); (E_var "y")])))] }))
      ])
parsed:
(Ok [(S_fn ("f", ["x"; "y"],
        { bl_items =
          [(S_let ("z1",
              (E_app ("f",
                 [(E_app ("g", [(E_app ("h", [(E_var "x")])); (E_var "y")]));
                   (E_var "z1"); (E_var "z2")]
                 ))
              ));
            (S_eval (E_app ("g", [(E_var "z1"); (E_var "z1")])));
            (S_eval (E_var "z1"))]
          }
        ));
      (S_fn ("g", ["x"], { bl_items = [(S_eval (E_var "x"))] }))])
parsed:
(Ok [(S_fn ("f", ["x"; "y"; "z"],
        { bl_items =
          [(S_while ((E_app ("p", [(E_var "x"); (E_var "z")])),
              { bl_items =
                [(S_var ("y", (E_app ("f", [(E_var "x"); (E_var "x")]))));
                  (S_assign ("y", (E_var "z"))); S_break; S_continue;
                  (S_return (E_var "x"))]
                }
              ));
            (S_eval (E_var "z"))]
          }
        ))
      ])
