c1: { lits =
      [(Let ("x", (Bool true),
          (App ((App ((Var "f"), (Var "x"))), (Var "y")))));
        (Let ("x", (Bool false),
           (App ((Var "g"), (App ((Var "g"), (Var "x")))))))
        ]
      }
encoded c1: { CB.h =
              [["b", true];
               ["v", "f"];
               ["v", "x"];
               ["@", 6(1), 6(2)];
               ["v", "y"];
               ["@", 6(3), 6(4)];
               ["l", "x", 6(0), 6(5)];
               ["b", false];
               ["v", "g"];
               ["@", 6(8), 6(2)];
               ["@", 6(8), 6(9)];
               ["l", "x", 6(7), 6(10)];
               {"lits": [6(6), 6(11)]}];
              k = 6(12) }
dec(enc(c1)): { lits =
                [(Let ("x", (Bool true),
                    (App ((App ((Var "f"), (Var "x"))), (Var "y")))));
                  (Let ("x", (Bool false),
                     (App ((Var "g"), (App ((Var "g"), (Var "x")))))))
                  ]
                }
enc(c1): (len 93) "\162ah\141\130ab\245\130avaf\130avax\131a@\198\001\198\002\130avay\131a@\198\003\198\004\132alax\198\000\198\005\130ab\244\130avag\131a@\198\b\198\002\131a@\198\b\198\t\132alax\198\007\198\n\161dlits\130\198\006\198\011ak\198\012"
